ASxxxx Linker V03.00/V05.40 + sdld,  page 1.
Hexadecimal  [32-Bits]

Area                       Addr        Size        Decimal Bytes (Attributes)
--------------------       ----        ----        ------- ----- ------------
.  .ABS.               00000000    00000000 =           0. bytes (ABS,CON)

        Value  Global            Value  Global            Value  Global    
        -----  ------            -----  ------            -----  ------    
     00000000  .__.ABS.  |    00000000  ___bank_F |    00000000  _rMBC7_SR
     00000000  _rRAMG    |    00000000  l__BASE   |    00000000  l__BSS   
     00000000  l__CABS   |    00000000  l__CODE_0 |    00000000  l__DABS  
     00000000  l__HEADER |    00000000  l__HEAP   |    00000000  l__HEAP_E
     00000000  l__HRAM   |    00000000  l__LIT    |    00000000  s__CABS  
     00000000  s__DABS   |    00000000  s__HEADER |    00000000  s__HEADER
     00000000  s__HEADER |    00000000  s__HEADER |    00000000  s__HEADER
     00000000  s__HEADER |    00000000  s__HEADER |    00000000  s__HEADER
     00000000  s__HEADER |    00000000  s__HEADER |    00000000  s__HEADER
     00000000  s__HEADER |    00000000  s__HEADER |    00000000  s__HEADER
     00000000  s__HEADER |    00000000  s__HEADER |    00000000  s__HEADER
     00000000  s__HEADER |    00000000  s__HEADER |    00000000  s__HRAM  
     00000000  s__HRAM12 |    00000001  l__GSFINA |    00000001  l__HEADER
     00000001  l__HEADER |    00000001  l__HEADER |    00000001  l__HEADER
     00000001  l__HEADER |    00000001  l__HEADER |    00000001  l__HEADER
     00000002  l__HEADER |    00000002  l__HEADER |    00000002  l__HEADER
     00000003  l__HEADER |    00000003  l__HRAM12 |    00000005  l__HEADER
     00000006  l__HEADER |    00000007  l__HEADER |    00000008  l__HEADER
     0000000C  l__GSINIT |    00000016  l__INITIA |    00000016  l__INITIA
     00000030  l__HEADER |    00000060  l__HEADER |    000000AB  l__HEADER
     000001DC  l__HOME   |    00000200  s__CODE   |    00000814  l__DATA  
     00002000  _rROMB0   |    00003000  _rROMB1   |    00004000  _rMBC7_SR
     00004000  _rRAMB    |    0000648C  l__CODE   |    0000668C  s__HOME  
     00006868  s__BASE   |    00006868  s__CODE_0 |    00006868  s__INITIA
     00006868  s__LIT    |    0000687E  s__GSINIT |    0000688A  s__GSFINA
     00008000  __VRAM    |    00008000  __VRAM800 |    00008800  __VRAM880
     00009000  __VRAM900 |    00009800  __SCRN0   |    00009C00  __SCRN1  
     0000A000  __SRAM    |    0000A000  _rMBC7_LA |    0000A010  _rMBC7_LA
     0000A020  _rMBC7_AC |    0000A030  _rMBC7_AC |    0000A040  _rMBC7_AC
     0000A050  _rMBC7_AC |    0000C000  __RAM     |    0000C000  _shadow_O
     0000C0A0  s__DATA   |    0000C8B4  s__BSS    |    0000C8B4  s__INITIA
     0000C8CA  s__HEAP   |    0000C8CA  s__HEAP_E |    0000D000  __RAMBANK
     0000E000  .STACK    |    0000FE00  __OAMRAM  |    0000FF00  _P1_REG  
     0000FF00  __IO      |    0000FF01  _SB_REG   |    0000FF02  _SC_REG  
     0000FF04  _DIV_REG  |    0000FF05  _TIMA_REG |    0000FF06  _TMA_REG 
     0000FF07  _TAC_REG  |    0000FF0F  _IF_REG   |    0000FF10  _NR10_REG
     0000FF11  _NR11_REG |    0000FF12  _NR12_REG |    0000FF13  _NR13_REG
     0000FF14  _NR14_REG |    0000FF16  _NR21_REG |    0000FF17  _NR22_REG
     0000FF18  _NR23_REG |    0000FF19  _NR24_REG |    0000FF1A  _NR30_REG
     0000FF1B  _NR31_REG |    0000FF1C  _NR32_REG |    0000FF1D  _NR33_REG
     0000FF1E  _NR34_REG |    0000FF20  _NR41_REG |    0000FF21  _NR42_REG
     0000FF22  _NR43_REG |    0000FF23  _NR44_REG |    0000FF24  _NR50_REG
     0000FF25  _NR51_REG |    0000FF26  _NR52_REG |    0000FF30  _AUD3WAVE
     0000FF30  _PCM_SAMP |    0000FF30  __AUD3WAV |    0000FF40  _LCDC_REG
     0000FF41  _STAT_REG |    0000FF42  _SCY_REG  |    0000FF43  _SCX_REG 
     0000FF44  _LY_REG   |    0000FF45  _LYC_REG  |    0000FF46  _DMA_REG 
     0000FF47  _BGP_REG  |    0000FF48  _OBP0_REG |    0000FF49  _OBP1_REG
     0000FF4A  _WY_REG   |    0000FF4B  _WX_REG   |    0000FF4D  _KEY1_REG
     0000FF4F  _VBK_REG  |    0000FF51  _HDMA1_RE |    0000FF52  _HDMA2_RE
     0000FF53  _HDMA3_RE |    0000FF54  _HDMA4_RE |    0000FF55  _HDMA5_RE
ASxxxx Linker V03.00/V05.40 + sdld,  page 2.
Hexadecimal  [32-Bits]

Area                       Addr        Size        Decimal Bytes (Attributes)
--------------------       ----        ----        ------- ----- ------------
.  .ABS.               00000000    00000000 =           0. bytes (ABS,CON)

        Value  Global            Value  Global            Value  Global    
        -----  ------            -----  ------            -----  ------    
     0000FF56  _RP_REG   |    0000FF68  _BCPS_REG |    0000FF69  _BCPD_REG
     0000FF6A  _OCPS_REG |    0000FF6B  _OCPD_REG |    0000FF70  _SVBK_REG
     0000FF76  _PCM12_RE |    0000FF77  _PCM34_RE |    0000FF80  .refresh_
     0000FF80  __HRAM    |    0000FFFF  _IE_REG  
ASxxxx Linker V03.00/V05.40 + sdld,  page 3.
Hexadecimal  [32-Bits]

Area                       Addr        Size        Decimal Bytes (Attributes)
--------------------       ----        ----        ------- ----- ------------
_CODE                  00000200    0000648C =       25740. bytes (REL,CON)

        Value  Global            Value  Global            Value  Global    
        -----  ------            -----  ------            -----  ------    
     000002C0  _init_spr |    00000312  _START_PO |    00000314  _END_X   
     00000316  _END_Y    |    00000318  _update_v |    00000379  _draw_ent
     000004C0  _hide_ent |    000004DE  _update_e |    0000063C  _gs_set_p
     0000064A  _gs_toggl |    0000065A  _gs_get_p |    0000065E  _gs_get_m
     0000066E  _gs_updat |    000006C2  _gs_updat |    000007C0  _gs_get_l
     000007DE  _gs_poll_ |    000008B0  _gs_get_e |    000008E2  _await   
     00000A1B  _is_down_ |    00000A29  _is_down  |    00000A36  _is_up   
     00000A45  _is_press |    00000A5C  _joystick |    00000BF9  _gl_state
     00000C26  _gl_state |    00000DE4  _gl_state |    00000F1D  _gl_updat
     00000F75  _main     |    000011EF  _to_array |    00001209  _to_map_i
     00001235  _snap_on_ |    0000127D  _transfor |    000012FB  _tr_world
     00001359  _tr_tile_ |    0000137D  _tr_to_ma |    000013B1  _clear_ti
     000013DA  _move_bkg |    0000146A  _border_t |    0000157F  _full_til
     00001761  _ui_init  |    0000176F  _ui_draw  |    00001770  _ui_show_
     00001784  _draw_cen |    000017F2  _ui_typew |    00001859  _play_dia
     00001904  _black_sq |    00001914  _D01_Room |    00005914  _D01_Room
     00005D94  _hello_wo |    00005D97  _hello_wo |    00005D9A  _hello_wo
     00005DC9  _E01_Room |    00005FDA  _E01_Room |    0000608A  _Font_pal
     0000608A  ___func_F |    00006092  _Font_til |    00006362  _Font_map
     00006396  _life_spr |    000063A6  _solider_ |    00006476  _D01_Loca
     000064AE  _D01_Loca |    000064BA  _D01_MAP_ |    000064C6  __divsuch
     000064CC  __modsuch |    000064D5  __divusch |    000064DE  __modusch
     000064EA  __divscha |    000064EF  __modscha |    000064F6  __divsint
     000064FF  __modsint |    0000650B  __divucha |    00006510  __moducha
     00006517  __divuint |    00006520  __moduint |    0000652C  .div8    
     0000652C  .mod8     |    00006534  .div16    |    00006534  .mod16   
     0000656A  .divu8    |    0000656A  .modu8    |    0000656D  .divu16  
     0000656D  .modu16   |    000065AD  _set_vram |    000065B6  _set_win_
     000065BF  _set_bkg_ |    000065EE  _get_win_ |    000065F6  _get_bkg_
     00006615  __mulsuch |    00006618  __mulusch |    00006621  __mulscha
     00006629  __mulint  |    00006648  __mulucha |    0000665A  ___memcpy
     0000665A  _memcpy  
ASxxxx Linker V03.00/V05.40 + sdld,  page 4.
Hexadecimal  [32-Bits]

Area                       Addr        Size        Decimal Bytes (Attributes)
--------------------       ----        ----        ------- ----- ------------
_HEADER0               00000000    00000001 =           1. bytes (ABS,CON)

        Value  Global            Value  Global            Value  Global    
        -----  ------            -----  ------            -----  ------    
     00000020  .call_hl 
ASxxxx Linker V03.00/V05.40 + sdld,  page 5.
Hexadecimal  [32-Bits]

Area                       Addr        Size        Decimal Bytes (Attributes)
--------------------       ----        ----        ------- ----- ------------
_HEADER1               00000000    00000005 =           5. bytes (ABS,CON)

        Value  Global            Value  Global            Value  Global    
        -----  ------            -----  ------            -----  ------    
     00000028  .MemsetSm
ASxxxx Linker V03.00/V05.40 + sdld,  page 6.
Hexadecimal  [32-Bits]

Area                       Addr        Size        Decimal Bytes (Attributes)
--------------------       ----        ----        ------- ----- ------------
_HEADER2               00000000    00000007 =           7. bytes (ABS,CON)

        Value  Global            Value  Global            Value  Global    
        -----  ------            -----  ------            -----  ------    
     00000030  .MemcpySm
ASxxxx Linker V03.00/V05.40 + sdld,  page 7.
Hexadecimal  [32-Bits]

Area                       Addr        Size        Decimal Bytes (Attributes)
--------------------       ----        ----        ------- ----- ------------
_HEADER3               00000000    00000008 =           8. bytes (ABS,CON)

        Value  Global            Value  Global            Value  Global    
        -----  ------            -----  ------            -----  ------    
ASxxxx Linker V03.00/V05.40 + sdld,  page 8.
Hexadecimal  [32-Bits]

Area                       Addr        Size        Decimal Bytes (Attributes)
--------------------       ----        ----        ------- ----- ------------
_HEADER4               00000000    00000060 =          96. bytes (ABS,CON)

        Value  Global            Value  Global            Value  Global    
        -----  ------            -----  ------            -----  ------    
     00000080  .int      |    0000008F  _wait_int |    0000009C  __standar
     000000AB  _refresh_ |    000000CC  _set_inte
ASxxxx Linker V03.00/V05.40 + sdld,  page 9.
Hexadecimal  [32-Bits]

Area                       Addr        Size        Decimal Bytes (Attributes)
--------------------       ----        ----        ------- ----- ------------
_HEADER5               00000000    00000001 =           1. bytes (ABS,CON)

        Value  Global            Value  Global            Value  Global    
        -----  ------            -----  ------            -----  ------    
ASxxxx Linker V03.00/V05.40 + sdld,  page 10.
Hexadecimal  [32-Bits]

Area                       Addr        Size        Decimal Bytes (Attributes)
--------------------       ----        ----        ------- ----- ------------
_HEADER6               00000000    00000002 =           2. bytes (ABS,CON)

        Value  Global            Value  Global            Value  Global    
        -----  ------            -----  ------            -----  ------    
ASxxxx Linker V03.00/V05.40 + sdld,  page 11.
Hexadecimal  [32-Bits]

Area                       Addr        Size        Decimal Bytes (Attributes)
--------------------       ----        ----        ------- ----- ------------
_HEADER7               00000000    00000030 =          48. bytes (ABS,CON)

        Value  Global            Value  Global            Value  Global    
        -----  ------            -----  ------            -----  ------    
ASxxxx Linker V03.00/V05.40 + sdld,  page 12.
Hexadecimal  [32-Bits]

Area                       Addr        Size        Decimal Bytes (Attributes)
--------------------       ----        ----        ------- ----- ------------
_HEADER8               00000000    00000006 =           6. bytes (ABS,CON)

        Value  Global            Value  Global            Value  Global    
        -----  ------            -----  ------            -----  ------    
ASxxxx Linker V03.00/V05.40 + sdld,  page 13.
Hexadecimal  [32-Bits]

Area                       Addr        Size        Decimal Bytes (Attributes)
--------------------       ----        ----        ------- ----- ------------
_HEADER9               00000000    00000003 =           3. bytes (ABS,CON)

        Value  Global            Value  Global            Value  Global    
        -----  ------            -----  ------            -----  ------    
ASxxxx Linker V03.00/V05.40 + sdld,  page 14.
Hexadecimal  [32-Bits]

Area                       Addr        Size        Decimal Bytes (Attributes)
--------------------       ----        ----        ------- ----- ------------
_HEADERa               00000000    00000001 =           1. bytes (ABS,CON)

        Value  Global            Value  Global            Value  Global    
        -----  ------            -----  ------            -----  ------    
ASxxxx Linker V03.00/V05.40 + sdld,  page 15.
Hexadecimal  [32-Bits]

Area                       Addr        Size        Decimal Bytes (Attributes)
--------------------       ----        ----        ------- ----- ------------
_HEADERb               00000000    00000001 =           1. bytes (ABS,CON)

        Value  Global            Value  Global            Value  Global    
        -----  ------            -----  ------            -----  ------    
ASxxxx Linker V03.00/V05.40 + sdld,  page 16.
Hexadecimal  [32-Bits]

Area                       Addr        Size        Decimal Bytes (Attributes)
--------------------       ----        ----        ------- ----- ------------
_HEADERc               00000000    00000001 =           1. bytes (ABS,CON)

        Value  Global            Value  Global            Value  Global    
        -----  ------            -----  ------            -----  ------    
ASxxxx Linker V03.00/V05.40 + sdld,  page 17.
Hexadecimal  [32-Bits]

Area                       Addr        Size        Decimal Bytes (Attributes)
--------------------       ----        ----        ------- ----- ------------
_HEADERd               00000000    00000002 =           2. bytes (ABS,CON)

        Value  Global            Value  Global            Value  Global    
        -----  ------            -----  ------            -----  ------    
ASxxxx Linker V03.00/V05.40 + sdld,  page 18.
Hexadecimal  [32-Bits]

Area                       Addr        Size        Decimal Bytes (Attributes)
--------------------       ----        ----        ------- ----- ------------
_HEADERe               00000000    00000001 =           1. bytes (ABS,CON)

        Value  Global            Value  Global            Value  Global    
        -----  ------            -----  ------            -----  ------    
ASxxxx Linker V03.00/V05.40 + sdld,  page 19.
Hexadecimal  [32-Bits]

Area                       Addr        Size        Decimal Bytes (Attributes)
--------------------       ----        ----        ------- ----- ------------
_HEADERf               00000000    00000001 =           1. bytes (ABS,CON)

        Value  Global            Value  Global            Value  Global    
        -----  ------            -----  ------            -----  ------    
ASxxxx Linker V03.00/V05.40 + sdld,  page 20.
Hexadecimal  [32-Bits]

Area                       Addr        Size        Decimal Bytes (Attributes)
--------------------       ----        ----        ------- ----- ------------
_HEADER10              00000000    00000002 =           2. bytes (ABS,CON)

        Value  Global            Value  Global            Value  Global    
        -----  ------            -----  ------            -----  ------    
ASxxxx Linker V03.00/V05.40 + sdld,  page 21.
Hexadecimal  [32-Bits]

Area                       Addr        Size        Decimal Bytes (Attributes)
--------------------       ----        ----        ------- ----- ------------
_HEADER11              00000000    000000AB =         171. bytes (ABS,CON)

        Value  Global            Value  Global            Value  Global    
        -----  ------            -----  ------            -----  ------    
     00000150  .reset    |    00000150  _reset    |    00000157  .code_sta
     000001B9  _exit     |    000001BD  .wait_vbl |    000001BD  _vsync   
     000001BD  _wait_vbl |    000001CD  .remove_V |    000001CD  _remove_V
     000001D0  .remove_i |    000001ED  .add_VBL  |    000001ED  _add_VBL 
     000001F0  .add_int 
ASxxxx Linker V03.00/V05.40 + sdld,  page 22.
Hexadecimal  [32-Bits]

Area                       Addr        Size        Decimal Bytes (Attributes)
--------------------       ----        ----        ------- ----- ------------
_HOME                  0000668C    000001DC =         476. bytes (REL,CON)

        Value  Global            Value  Global            Value  Global    
        -----  ------            -----  ------            -----  ------    
     0000668C  .memset_s |    00006695  .memcpy_s |    000066B2  .display_
     000066B2  _display_ |    000066CA  _fill_win |    000066DC  _set_tile
     000066E1  _set_bkg_ |    000066E1  _set_win_ |    000066E9  _set_spri
     00006719  .fill_rec |    00006722  .fill_rec |    0000676F  _set_bkg_
     000067B2  .set_xy_w |    000067BB  .set_xy_b |    000067CA  .set_xy_s
     00006816  _fill_bkg |    00006828  .padup    |    00006828  _waitpadu
     00006838  .jpad     |    00006838  _joypad   |    00006860  _waitpad 
     00006861  .wait_pad
ASxxxx Linker V03.00/V05.40 + sdld,  page 23.
Hexadecimal  [32-Bits]

Area                       Addr        Size        Decimal Bytes (Attributes)
--------------------       ----        ----        ------- ----- ------------
_INITIALIZER           00006868    00000016 =          22. bytes (REL,CON)

        Value  Global            Value  Global            Value  Global    
        -----  ------            -----  ------            -----  ------    
ASxxxx Linker V03.00/V05.40 + sdld,  page 24.
Hexadecimal  [32-Bits]

Area                       Addr        Size        Decimal Bytes (Attributes)
--------------------       ----        ----        ------- ----- ------------
_GSINIT                0000687E    0000000C =          12. bytes (REL,CON)

        Value  Global            Value  Global            Value  Global    
        -----  ------            -----  ------            -----  ------    
     0000687E  gsinit   
ASxxxx Linker V03.00/V05.40 + sdld,  page 25.
Hexadecimal  [32-Bits]

Area                       Addr        Size        Decimal Bytes (Attributes)
--------------------       ----        ----        ------- ----- ------------
_GSFINAL               0000688A    00000001 =           1. bytes (REL,CON)

        Value  Global            Value  Global            Value  Global    
        -----  ------            -----  ------            -----  ------    
ASxxxx Linker V03.00/V05.40 + sdld,  page 26.
Hexadecimal  [32-Bits]

Area                       Addr        Size        Decimal Bytes (Attributes)
--------------------       ----        ----        ------- ----- ------------
_DATA                  0000C0A0    00000814 =        2068. bytes (REL,CON)

        Value  Global            Value  Global            Value  Global    
        -----  ------            -----  ------            -----  ------    
     0000C0A0  __cpu     |    0000C0A1  __is_GBA  |    0000C0A2  .mode    
     0000C0A3  .sys_time |    0000C0A3  _sys_time |    0000C0A5  .int_0x40
     0000C8B3  .image_ti
ASxxxx Linker V03.00/V05.40 + sdld,  page 27.
Hexadecimal  [32-Bits]

Area                       Addr        Size        Decimal Bytes (Attributes)
--------------------       ----        ----        ------- ----- ------------
_INITIALIZED           0000C8B4    00000016 =          22. bytes (REL,CON)

        Value  Global            Value  Global            Value  Global    
        -----  ------            -----  ------            -----  ------    
     0000C8B4  _GAME_STA |    0000C8C9  __submap_
ASxxxx Linker V03.00/V05.40 + sdld,  page 28.
Hexadecimal  [32-Bits]

Area                       Addr        Size        Decimal Bytes (Attributes)
--------------------       ----        ----        ------- ----- ------------
_HRAM12                00000000    00000003 =           3. bytes (ABS,CON)

        Value  Global            Value  Global            Value  Global    
        -----  ------            -----  ------            -----  ------    
     0000FF90  __current |    0000FF91  __vbl_don |    0000FF92  __shadow_
ASxxxx Linker V03.00/V05.40 + sdld,  page 29.

Files Linked                              [ module(s) ]

E:\Lab\GameBoyClassic\gbdk\lib/gb/crt0.o  [ Runtime ]
C:\Users\julie\AppData\Local\Temp/lcc188960.o
                                          [ entities ]
C:\Users\julie\AppData\Local\Temp/lcc188961.o
                                          [ game_state ]
C:\Users\julie\AppData\Local\Temp/lcc188962.o
                                          [ helpers ]
C:\Users\julie\AppData\Local\Temp/lcc188963.o
                                          [ inputs ]
C:\Users\julie\AppData\Local\Temp/lcc188964.o
                                          [ main ]
C:\Users\julie\AppData\Local\Temp/lcc188965.o
                                          [ map ]
C:\Users\julie\AppData\Local\Temp/lcc188966.o
                                          [ math ]
C:\Users\julie\AppData\Local\Temp/lcc188967.o
                                          [ ui ]
C:\Users\julie\AppData\Local\Temp/lcc188968.o
                                          [ black_square_sprite ]
C:\Users\julie\AppData\Local\Temp/lcc188969.o
                                          [ D01_Room_01_Map ]
C:\Users\julie\AppData\Local\Temp/lcc1889610.o
                                          [ D01_Room_01_Sprites ]
C:\Users\julie\AppData\Local\Temp/lcc1889611.o
                                          [ dialogs ]
C:\Users\julie\AppData\Local\Temp/lcc1889612.o
                                          [ E01_Room_Map ]
C:\Users\julie\AppData\Local\Temp/lcc1889613.o
                                          [ E01_Room_Sprites ]
C:\Users\julie\AppData\Local\Temp/lcc1889614.o
                                          [ Font ]
C:\Users\julie\AppData\Local\Temp/lcc1889615.o
                                          [ life_sprite ]
C:\Users\julie\AppData\Local\Temp/lcc1889616.o
                                          [ solider ]
C:\Users\julie\AppData\Local\Temp/lcc1889617.o
                                          [ maps_data ]


Libraries Linked                          [ object file ]

E:\Lab\GameBoyClassic\gbdk\lib/gb/gb.lib  [ fill_rect_wi.o ]
E:\Lab\GameBoyClassic\gbdk\lib/sm83/sm83.lib
                                          [ div.o ]
E:\Lab\GameBoyClassic\gbdk\lib/gb/gb.lib  [ sfr.o ]
E:\Lab\GameBoyClassic\gbdk\lib/gb/gb.lib  [ set_data.o ]
E:\Lab\GameBoyClassic\gbdk\lib/gb/gb.lib  [ set_tile.o ]
E:\Lab\GameBoyClassic\gbdk\lib/gb/gb.lib  [ get_addr.o ]
E:\Lab\GameBoyClassic\gbdk\lib/sm83/sm83.lib
                                          [ mul.o ]
E:\Lab\GameBoyClassic\gbdk\lib/gb/gb.lib  [ fill_rect.o ]
E:\Lab\GameBoyClassic\gbdk\lib/gb/gb.lib  [ set_tile_submap.o ]
E:\Lab\GameBoyClassic\gbdk\lib/gb/gb.lib  [ fill_rect_bk.o ]
E:\Lab\GameBoyClassic\gbdk\lib/gb/gb.lib  [ pad.o ]
E:\Lab\GameBoyClassic\gbdk\lib/sm83/sm83.lib
                                          [ memcpy.o ]

ASxxxx Linker V03.00/V05.40 + sdld,  page 30.

User Base Address Definitions

_DATA=0xC0A0
_CODE=0x0200
ASxxxx Linker V03.00/V05.40 + sdld,  page 31.

User Global Definitions

_shadow_OAM=0xC000
.STACK=0xE000
.refresh_OAM=0xFF80

